// Jest Snapshot v1, https://goo.gl/fbAQLP

exports[`Quotes component renders a Quotes 1`] = `
<ul>
  <li
    key="0"
  >
    <Quote
      quote={
        Object {
          "character": "Fry",
          "img": "test",
          "quote": "hello",
        }
      }
    />
  </li>
  <li
    key="1"
  >
    <Quote
      quote={
        Object {
          "character": "Bender",
          "img": "test2",
          "quote": "go away",
        }
      }
    />
  </li>
</ul>
`;
